// Jest Snapshot v1, https://goo.gl/fbAQLP

exports[`should expense list item render a expese 1`] = `
<div>
  <Link
    to="/edit/1"
  >
    <h3>
      Gum
    </h3>
  </Link>
  <p>
    19
     - 
    0
  </p>
</div>
`;
